[INFO] Scanning for projects...
[INFO] 
[INFO] ----------------------< com.kazikonnect:backend >-----------------------
[INFO] Building Kazi Konnect-backend 0.0.1-SNAPSHOT
[INFO]   from pom.xml
[INFO] --------------------------------[ jar ]---------------------------------
[INFO] 
[INFO] >>> spring-boot:3.4.5:run (default-cli) > test-compile @ backend >>>
[INFO] 
[INFO] --- resources:3.3.1:resources (default-resources) @ backend ---
[INFO] Copying 1 resource from src\main\resources to target\classes
[INFO] Copying 35 resources from src\main\resources to target\classes
[INFO] 
[INFO] --- compiler:3.13.0:compile (default-compile) @ backend ---
[INFO] Nothing to compile - all classes are up to date.
[INFO] 
[INFO] --- resources:3.3.1:testResources (default-testResources) @ backend ---
[INFO] skip non existing resourceDirectory C:\Users\User\Desktop\Web app\backend\src\test\resources
[INFO] 
[INFO] --- compiler:3.13.0:testCompile (default-testCompile) @ backend ---
[INFO] No sources to compile
[INFO] 
[INFO] <<< spring-boot:3.4.5:run (default-cli) < test-compile @ backend <<<
[INFO] 
[INFO] 
[INFO] --- spring-boot:3.4.5:run (default-cli) @ backend ---
[INFO] Attaching agents: []
Standard Commons Logging discovery in action with spring-jcl: please remove commons-logging.jar from classpath in order to avoid potential conflicts

  .   ____          _            __ _ _
 /\\ / ___'_ __ _ _(_)_ __  __ _ \ \ \ \
( ( )\___ | '_ | '_| | '_ \/ _` | \ \ \ \
 \\/  ___)| |_)| | | | | || (_| |  ) ) ) )
  '  |____| .__|_| |_|_| |_\__, | / / / /
 =========|_|==============|___/=/_/_/_/

 :: Spring Boot ::                (v3.4.5)

2026-07-23T16:57:35.279+03:00  INFO 18172 --- [           main] c.k.backend.BackendApplication           : Starting BackendApplication using Java 25.0.2 with PID 18172 (C:\Users\User\Desktop\Web app\backend\target\classes started by User in C:\Users\User\Desktop\Web app\backend)
2026-07-23T16:57:35.337+03:00  INFO 18172 --- [           main] c.k.backend.BackendApplication           : No active profile set, falling back to 1 default profile: "default"
2026-07-23T16:57:59.386+03:00  INFO 18172 --- [           main] .s.d.r.c.RepositoryConfigurationDelegate : Bootstrapping Spring Data JPA repositories in DEFAULT mode.
2026-07-23T16:58:02.769+03:00  INFO 18172 --- [           main] .s.d.r.c.RepositoryConfigurationDelegate : Finished Spring Data repository scanning in 3330 ms. Found 28 JPA repository interfaces.
2026-07-23T16:58:26.325+03:00  INFO 18172 --- [           main] o.s.b.w.embedded.tomcat.TomcatWebServer  : Tomcat initialized with port 8080 (http)
2026-07-23T16:58:26.553+03:00  INFO 18172 --- [           main] o.apache.catalina.core.StandardService   : Starting service [Tomcat]
2026-07-23T16:58:26.554+03:00  INFO 18172 --- [           main] o.apache.catalina.core.StandardEngine    : Starting Servlet engine: [Apache Tomcat/10.1.40]
2026-07-23T16:58:28.677+03:00  INFO 18172 --- [           main] o.a.c.c.C.[Tomcat].[localhost].[/]       : Initializing Spring embedded WebApplicationContext
2026-07-23T16:58:28.680+03:00  INFO 18172 --- [           main] w.s.c.ServletWebServerApplicationContext : Root WebApplicationContext: initialization completed in 52919 ms
Standard Commons Logging discovery in action with spring-jcl: please remove commons-logging.jar from classpath in order to avoid potential conflicts
2026-07-23T16:58:51.406+03:00  INFO 18172 --- [           main] com.zaxxer.hikari.HikariDataSource       : HikariPool-1 - Starting...
2026-07-23T16:58:51.458+03:00  INFO 18172 --- [           main] com.zaxxer.hikari.HikariDataSource       : HikariPool-1 - Start completed.
2026-07-23T16:58:56.522+03:00  INFO 18172 --- [           main] org.flywaydb.core.FlywayExecutor         : Database: jdbc:postgresql://aws-0-eu-west-3.pooler.supabase.com:6543/postgres?sslmode=require (PostgreSQL 17.6)
2026-07-23T16:59:04.036+03:00  INFO 18172 --- [           main] o.f.core.internal.command.DbMigrate      : Current version of schema "public": 36
2026-07-23T16:59:04.258+03:00  INFO 18172 --- [           main] o.f.core.internal.command.DbMigrate      : Schema "public" is up to date. No migration necessary.
2026-07-23T16:59:07.099+03:00  INFO 18172 --- [           main] o.hibernate.jpa.internal.util.LogHelper  : HHH000204: Processing PersistenceUnitInfo [name: default]
2026-07-23T16:59:07.913+03:00  INFO 18172 --- [           main] org.hibernate.Version                    : HHH000412: Hibernate ORM core version 6.6.13.Final
2026-07-23T16:59:08.263+03:00  INFO 18172 --- [           main] o.h.c.internal.RegionFactoryInitiator    : HHH000026: Second-level cache disabled
2026-07-23T16:59:10.243+03:00  WARN 18172 --- [           main] org.hibernate.orm.deprecation            : HHH90000025: PostgreSQLDialect does not need to be specified explicitly using 'hibernate.dialect' (remove the property setting and it will be selected by default)
2026-07-23T16:59:10.383+03:00  INFO 18172 --- [           main] org.hibernate.orm.connections.pooling    : HHH10001005: Database info:
	Database JDBC URL [undefined/unknown]
	Database driver: undefined/unknown
	Database version: 12.0
	Autocommit mode: undefined/unknown
	Isolation level: <unknown>
	Minimum pool size: undefined/unknown
	Maximum pool size: undefined/unknown
2026-07-23T16:59:14.234+03:00  INFO 18172 --- [           main] o.s.o.j.p.SpringPersistenceUnitInfo      : No LoadTimeWeaver setup: ignoring JPA class transformer
2026-07-23T16:59:32.561+03:00  INFO 18172 --- [           main] o.h.e.t.j.p.i.JtaPlatformInitiator       : HHH000489: No JTA platform available (set 'hibernate.transaction.jta.platform' to enable JTA platform integration)
2026-07-23T16:59:32.572+03:00  INFO 18172 --- [           main] j.LocalContainerEntityManagerFactoryBean : Initialized JPA EntityManagerFactory for persistence unit 'default'
2026-07-23T16:59:34.778+03:00  INFO 18172 --- [           main] o.s.d.j.r.query.QueryEnhancerFactory     : Hibernate is in classpath; If applicable, HQL parser will be used.
2026-07-23T17:00:05.969+03:00  INFO 18172 --- [           main] c.k.b.features.payment.MpesaService      : MPESA service configured for env=sandbox, shortcode=174379, callbackUrl=https://client-search-backend.onrender.com/api/payments/mpesa/callback
2026-07-23T17:00:09.886+03:00  WARN 18172 --- [           main] JpaBaseConfiguration$JpaWebConfiguration : spring.jpa.open-in-view is enabled by default. Therefore, database queries may be performed during view rendering. Explicitly configure spring.jpa.open-in-view to disable this warning
2026-07-23T17:00:10.945+03:00  WARN 18172 --- [           main] .s.s.UserDetailsServiceAutoConfiguration : 

Using generated security password: f84ce933-9b15-48e5-a8e0-587d083f51dc

This generated password is for development use only. Your security configuration must be updated before running your application in production.

2026-07-23T17:00:10.970+03:00  INFO 18172 --- [           main] r$InitializeUserDetailsManagerConfigurer : Global AuthenticationManager configured with UserDetailsService bean with name inMemoryUserDetailsManager
2026-07-23T17:00:15.000+03:00  INFO 18172 --- [           main] o.s.b.a.e.web.EndpointLinksResolver      : Exposing 2 endpoints beneath base path '/actuator'
2026-07-23T17:00:21.447+03:00  INFO 18172 --- [           main] o.s.m.s.b.SimpleBrokerMessageHandler     : Starting...
2026-07-23T17:00:21.450+03:00  INFO 18172 --- [           main] o.s.m.s.b.SimpleBrokerMessageHandler     : BrokerAvailabilityEvent[available=true, SimpleBrokerMessageHandler [org.springframework.messaging.simp.broker.DefaultSubscriptionRegistry@3360569f]]
2026-07-23T17:00:21.453+03:00  INFO 18172 --- [           main] o.s.m.s.b.SimpleBrokerMessageHandler     : Started.
2026-07-23T17:00:21.472+03:00  INFO 18172 --- [           main] o.s.m.s.b.SimpleBrokerMessageHandler     : Stopping...
2026-07-23T17:00:21.473+03:00  INFO 18172 --- [           main] o.s.m.s.b.SimpleBrokerMessageHandler     : BrokerAvailabilityEvent[available=false, SimpleBrokerMessageHandler [org.springframework.messaging.simp.broker.DefaultSubscriptionRegistry@3360569f]]
2026-07-23T17:00:21.475+03:00  INFO 18172 --- [           main] o.s.m.s.b.SimpleBrokerMessageHandler     : Stopped.
2026-07-23T17:00:21.476+03:00  WARN 18172 --- [           main] ConfigServletWebServerApplicationContext : Exception encountered during context initialization - cancelling refresh attempt: org.springframework.context.ApplicationContextException: Failed to start bean 'webServerStartStop'
2026-07-23T17:00:21.498+03:00  INFO 18172 --- [           main] j.LocalContainerEntityManagerFactoryBean : Closing JPA EntityManagerFactory for persistence unit 'default'
2026-07-23T17:00:21.506+03:00  INFO 18172 --- [           main] com.zaxxer.hikari.HikariDataSource       : HikariPool-1 - Shutdown initiated...
2026-07-23T17:00:21.510+03:00  INFO 18172 --- [           main] com.zaxxer.hikari.HikariDataSource       : HikariPool-1 - Shutdown completed.
2026-07-23T17:00:21.585+03:00  INFO 18172 --- [           main] .s.b.a.l.ConditionEvaluationReportLogger : 

Error starting ApplicationContext. To display the condition evaluation report re-run your application with 'debug' enabled.
2026-07-23T17:00:21.669+03:00 ERROR 18172 --- [           main] o.s.b.d.LoggingFailureAnalysisReporter   : 

***************************
APPLICATION FAILED TO START
***************************

Description:

Web server failed to start. Port 8080 was already in use.

Action:

Identify and stop the process that's listening on port 8080 or configure this application to listen on another port.

[INFO] ------------------------------------------------------------------------
[INFO] BUILD FAILURE
[INFO] ------------------------------------------------------------------------
[INFO] Total time:  03:09 min
[INFO] Finished at: 2026-07-23T17:00:22+03:00
[INFO] ------------------------------------------------------------------------
[ERROR] Failed to execute goal org.springframework.boot:spring-boot-maven-plugin:3.4.5:run (default-cli) on project backend: Process terminated with exit code: 1 -> [Help 1]
[ERROR] 
[ERROR] To see the full stack trace of the errors, re-run Maven with the -e switch.
[ERROR] Re-run Maven using the -X switch to enable full debug logging.
[ERROR] 
[ERROR] For more information about the errors and possible solutions, please read the following articles:
[ERROR] [Help 1] http://cwiki.apache.org/confluence/display/MAVEN/MojoExecutionException
